[marielunderground.com/index.html]
[backblue.gif]
[fade.gif]
[index.html]
[marielunderground.com/wp-includes/css/dist/block-library/style.min4dc9.css]
[marielunderground.com/wp-content/themes/salient/css/font-awesome-legacy.min4b3b.css]
[fonts.googleapis.com/index.html]
[marielunderground.com/comments/feed/index.html]
[marielunderground.com/feed/index.html]
[marielunderground.com/wp-content/themes/salient/css/build/grid-system4b3b.css]
[marielunderground.com/wp-content/themes/salient/css/build/style4b3b.css]
[marielunderground.com/joe-2/feed/index.html]
[marielunderground.com/wp-content/themes/salient/css/build/header/header-layout-menu-left-aligned4b3b.css]
[marielunderground.com/wp-content/themes/salient/css/build/header/header-perma-transparent4b3b.css]
[marielunderground.com/wp-content/themes/salient/css/build/elements/element-fancy-box4b3b.css]
[marielunderground.com/wp-content/themes/salient/css/build/elements/element-morphing-outline4b3b.css]
[marielunderground.com/wp-content/themes/salient/css/build/responsive4b3b.css]
[marielunderground.com/wp-content/themes/salient/css/build/ascend4b3b.css]
[marielunderground.com/wp-content/uploads/salient/menu-dynamic3f58.css]
[marielunderground.com/wp-content/plugins/js_composer_salient/assets/css/js_composer.min9704.css]
[marielunderground.com/wp-content/themes/salient/css/salient-dynamic-styles4b3b.css]
[marielunderground.com/wp-includes/js/jquery/jquery.minaf6c.js]
[marielunderground.com/wp-includes/js/jquery/jquery-migrate.mind617.js]
[marielunderground.com/wp-json/wp/v2/pages/6453.json]
[marielunderground.com/xmlrpc0db0.php]
[marielunderground.com/wp-json/index.html]
[marielunderground.com/wp-includes/wlwmanifest.xml]
[marielunderground.com/wp-json/oembed/1.0/embed007c.json]
[marielunderground.com/wp-json/oembed/1.0/embed00dc]
[marielunderground.com/wp-content/uploads/2022/04/cropped-Mariel_Underground_Icon-32x32.png]
[marielunderground.com/wp-content/uploads/2022/04/cropped-Mariel_Underground_Icon-192x192.png]
[marielunderground.com/wp-content/uploads/2022/04/cropped-Mariel_Underground_Icon-180x180.png]
[marielunderground.com/wp-content/uploads/2022/03/UG-Logo-Stack.png]
[marielunderground.com/wp-content/uploads/2022/03/Mariel_color-700.png]
[marielunderground.com/wp-content/uploads/2022/03/underground-01-scaled.jpg]
[marielunderground.com/wp-content/uploads/2022/03/Underground.webm]
[marielunderground.com/wp-content/uploads/2022/02/Underground.mp4]
[venues.tablelistpro.com/widgets/embedded/embed.js]
[marielunderground.com/wp-content/uploads/2024/02/Underground-Dinner-Menu.pdf]
[marielunderground.com/wp-content/uploads/2022/02/Food.jpg]
[marielunderground.com/wp-content/uploads/2024/01/Underground-Bottle-Menu.pdf]
[marielunderground.com/wp-content/uploads/2022/04/Bottle.jpg]
[marielunderground.com/wp-content/uploads/2022/03/2058_002-scaled.jpg]
[marielunderground.com/wp-content/uploads/2022/03/Slider-1-scaled.jpg]
[marielunderground.com/wp-content/plugins/js_composer_salient/assets/lib/bower/animate-css/animate.min9704.css]
[marielunderground.com/wp-content/themes/salient/css/build/plugins/magnific4b3b.css]
[marielunderground.com/wp-content/themes/salient/css/build/off-canvas/core4b3b.css]
[marielunderground.com/wp-content/themes/salient/css/build/off-canvas/fullscreen-legacy4b3b.css]
[marielunderground.com/wp-content/themes/salient/js/build/third-party/jquery.easing.min4b3b.js]
[marielunderground.com/wp-content/themes/salient/js/build/third-party/jquery.mousewheel.min4b3b.js]
[marielunderground.com/wp-content/themes/salient/js/build/priority4b3b.js]
[marielunderground.com/wp-content/themes/salient/js/build/third-party/transit.min4b3b.js]
[marielunderground.com/wp-content/themes/salient/js/build/third-party/waypoints4b3b.js]
[marielunderground.com/reservations-2/index.html]
[marielunderground.com/wp-content/plugins/salient-portfolio/js/third-party/imagesLoaded.mineda1.js]
[marielunderground.com/wp-content/themes/salient/js/build/third-party/hoverintent.min4b3b.js]
[marielunderground.com/wp-content/themes/salient/js/build/third-party/magnific4b3b.js]
[marielunderground.com/wp-content/themes/salient/js/build/third-party/anime.min4b3b.js]
[marielunderground.com/wp-content/themes/salient/js/build/third-party/superfish4b3b.js]
[marielunderground.com/wp-content/plugins/salient-core/js/third-party/touchswipe.min5152.js]
[marielunderground.com/wp-includes/js/comment-reply.min4dc9.js]
[marielunderground.com/wp-content/plugins/js_composer_salient/assets/js/dist/js_composer_front.min9704.js]
[marielunderground.com/index.html]
[marielunderground.com/wp-content/themes/salient/js/build/init4b3b.js]
[fonts.googleapis.com/index.html]
[s.w.org/index.html]
[fonts.googleapis.com/cssb681.css]
[fonts.googleapis.com/css0a04.css]
[marielunderground.com/wp-content/uploads/2022/03/Underground.webm]
[marielunderground.com/wp-json/wp/v2/pages/6546.json]
[marielunderground.com/reservations-2/feed/index.html]
[marielunderground.com/wp-json/oembed/1.0/embed6a53.json]
[marielunderground.com/wp-json/oembed/1.0/embedd606]
[marielunderground.com/wp-content/themes/salient/js/build/third-party/stickkit4b3b.js]
[marielunderground.com/reservations-2/index.html]
[marielunderground.com/indexf1ec.html]
[marielunderground.com/wp-json/index.html]
[marielunderground.com/wp-json/wp/v2/pages/6453.json]
[marielunderground.com/wp-includes/css/dist/block-library/style.min4dc9.css]
[marielunderground.com/wp-json/oembed/1.0/embed007c.json]
[marielunderground.com/wp-content/themes/salient/css/fonts/fontawesome-webfont3ea6.eot]
[venues.tablelistpro.com/widgets/embedded/embed.js]
[marielunderground.com/wp-content/themes/salient/css/fonts/fontawesome-webfontd41d.eot]
[marielunderground.com/wp-content/themes/salient/css/fonts/fontawesome-webfont3ea6.woff]
[marielunderground.com/wp-content/themes/salient/css/fonts/fontawesome-webfont3ea6.ttf]
[marielunderground.com/wp-content/themes/salient/css/font-awesome-legacy.min4b3b.css]
[marielunderground.com/wp-content/themes/salient/css/build/grid-system4b3b.css]
[marielunderground.com/wp-content/themes/salient/img/icons/loading-white-bg.gif]
[marielunderground.com/wp-content/themes/salient/img/icons/quote.png]
[marielunderground.com/wp-content/themes/salient/img/icons/link.png]
[marielunderground.com/wp-content/themes/salient/img/icons/status.png]
[marielunderground.com/wp-content/themes/salient/img/icons/quote-2x.png]
[marielunderground.com/reservations-2/feed/index.html]
[marielunderground.com/wp-json/wp/v2/pages/6546.json]
[marielunderground.com/wp-content/themes/salient/js/build/init4b3b.js]
[marielunderground.com/wp-json/oembed/1.0/embed6a53.json]
[marielunderground.com/wp-content/themes/salient/img/icons/link-2x.png]
[marielunderground.com/wp-content/themes/salient/img/icons/portfolio-arrows.png]
[marielunderground.com/wp-content/themes/salient/img/icons/portfolio-arrows-2x.png]
[marielunderground.com/wp-content/themes/salient/img/icons/comment-children-line.jpg]
[marielunderground.com/wp-content/themes/salient/css/fonts/icomoon7839.eot]
[marielunderground.com/wp-content/themes/salient/css/fonts/icomoond41d.eot]
[marielunderground.com/wp-content/themes/salient/css/fonts/icomoon7839.woff]
[marielunderground.com/wp-content/themes/salient/css/fonts/icomoon7839.ttf]
[marielunderground.com/wp-content/themes/salient/css/build/style4b3b.css]
[marielunderground.com/wp-content/themes/salient/css/build/header/header-layout-menu-left-aligned4b3b.css]
[marielunderground.com/wp-content/themes/salient/css/build/header/header-perma-transparent4b3b.css]
[marielunderground.com/wp-content/themes/salient/css/build/elements/element-fancy-box4b3b.css]
[marielunderground.com/wp-content/themes/salient/css/build/elements/element-morphing-outline4b3b.css]
[marielunderground.com/wp-content/themes/salient/css/build/responsive4b3b.css]
[marielunderground.com/wp-content/themes/salient/css/build/ascend4b3b.css]
[marielunderground.com/wp-content/uploads/salient/menu-dynamic3f58.css]
[marielunderground.com/wp-content/plugins/js_composer_salient/assets/fonts/vc_icons_v2/fonts/vcpb-plugin-iconsb82a.eot]
[marielunderground.com/wp-content/plugins/js_composer_salient/assets/fonts/vc_icons_v2/fonts/vcpb-plugin-iconsb82a.ttf]
[marielunderground.com/wp-content/plugins/js_composer_salient/assets/fonts/vc_icons_v2/fonts/vcpb-plugin-iconsb82a.woff]
[marielunderground.com/wp-content/plugins/js_composer_salient/assets/images/toggle_open.png]
[marielunderground.com/wp-content/plugins/js_composer_salient/assets/images/toggle_close.png]
[marielunderground.com/wp-content/plugins/js_composer_salient/assets/fonts/vc_grid/vc_grid_v157a1.eot]
[marielunderground.com/wp-content/plugins/js_composer_salient/assets/fonts/vc_grid/vc_grid_v1d41d.eot]
[marielunderground.com/wp-content/plugins/js_composer_salient/assets/fonts/vc_grid/vc_grid_v157a1.woff]
[marielunderground.com/wp-content/plugins/js_composer_salient/assets/fonts/vc_grid/vc_grid_v157a1.ttf]
[marielunderground.com/wp-content/plugins/js_composer_salient/assets/images/spinner.gif]
[marielunderground.com/wp-content/plugins/js_composer_salient/assets/vc/tick.png]
[marielunderground.com/wp-content/plugins/js_composer_salient/assets/vc/remove.png]
[marielunderground.com/wp-content/plugins/js_composer_salient/assets/css/js_composer.min9704.css]
[marielunderground.com/wp-content/themes/salient/css/salient-dynamic-styles4b3b.css]
[marielunderground.com/xmlrpc0db0.php]
[marielunderground.com/wp-json/oembed/1.0/embed00dc]
[marielunderground.com/wp-content/uploads/2022/03/Underground.webm]
[marielunderground.com/reservations-2/index.html]
[marielunderground.com/wp-content/plugins/js_composer_salient/assets/lib/bower/animate-css/animate.min9704.css]
[marielunderground.com/wp-content/themes/salient/css/build/plugins/magnific4b3b.css]
[marielunderground.com/wp-content/themes/salient/css/build/off-canvas/core4b3b.css]
[marielunderground.com/wp-content/themes/salient/css/build/off-canvas/fullscreen-legacy4b3b.css]
[marielunderground.com/indexf1ec.html]
[marielunderground.com/wp-content/themes/salient/css/fonts/fontawesome-webfont.svg]
[marielunderground.com/wp-content/themes/salient/css/fonts/icomoon.svg]
[marielunderground.com/wp-content/plugins/js_composer_salient/assets/fonts/vc_icons_v2/fonts/vcpb-plugin-iconsb82a.svg]
[marielunderground.com/wp-content/plugins/js_composer_salient/assets/fonts/vc_grid/vc_grid_v157a1.svg]
